-- start_ignore
-- end_ignore
-- @description ClickHouse JDBC read: expect one row of primitive types from PXF (values compared by regress output)
SET timezone='utc';
SET

SET bytea_output='hex';
SET

SELECT
    i_int,
    s_small,
    b_big,
    f_float32,
    d_float64,
    b_bool,
    dec,
    t_text,
    bin,
    d_date,
    d_ts,
    d_tstz,
    d_uuid
FROM pxf_ch_clickhouse_read_types
LIMIT 1;
 i_int | s_small | b_big | f_float32 | d_float64 | b_bool |        dec        | t_text |    bin     |   d_date   |         d_ts          |        d_tstz         |                d_uuid                
-------+---------+-------+-----------+-----------+--------+-------------------+--------+------------+------------+-----------------------+-----------------------+--------------------------------------
     1 |       2 |     3 |      1.25 | 3.1415926 | t      | 12345.6789012345 | hello  | \x5b36352c36362c36372c36385d | 2020-01-02 | 2020-01-02 03:04:05.006 | 2020-01-02 03:04:05.006+00 | 550e8400-e29b-41d4-a716-446655440000
(1 row)

